{
    "Small data": {
        "content": [
            {
                "0": [
                    [
                        {
                            "id": "test",
                            "genome_size": 1500000
                        },
                        "haplotype_1.fasta:md5,c122e83f6c3305ccbdeb2282c1b36925"
                    ]
                ],
                "1": [
                    
                ],
                "assembly_fasta": [
                    [
                        {
                            "id": "test",
                            "genome_size": 1500000
                        },
                        "haplotype_1.fasta:md5,c122e83f6c3305ccbdeb2282c1b36925"
                    ]
                ],
                "versions": [
                    
                ]
            }
        ],
        "meta": {
            "nf-test": "0.9.2",
            "nextflow": "25.04.2"
        },
        "timestamp": "2025-05-21T18:03:09.331832759"
    }
}