{
    "Small reads": {
        "content": [
            {
                "0": [
                    
                ],
                "versions": [
                    
                ]
            }
        ],
        "meta": {
            "nf-test": "0.9.2",
            "nextflow": "25.04.2"
        },
        "timestamp": "2025-05-20T18:38:29.107111679"
    }
}